ASxxxx Linker V03.00 + NoICE + sdld,  page 1.
Hexadecimal  [32-Bits]

Area                       Addr        Size        Decimal Bytes (Attributes)
--------------------       ----        ----        ------- ----- ------------
.  .ABS.               00000000    00000000 =           0. bytes (ABS,CON)

        Value  Global            Value  Global            Value  Global    
        -----  ------            -----  ------            -----  ------    
     00000000  .__.ABS.  |    00000000  _IOR      |    00000000  l_ISEG   
     00000000  l_ISEGR   |    00000000  l_XISEG   |    00000000  l_XSEG   
     00000000  l__CODE   |    00000000  l_ms322sf |    00000000  s_STARTUP
     00000000  s_ms322sf |    00000001  _IODIR    |    00000001  l_SSEG   
     00000002  _IO       |    00000003  _IOWK     |    00000004  _IOWKDR  
     00000004  l_shareba |    00000005  _TIMERC   |    00000006  _THRLD   
     00000007  _RAMP0    |    00000007  _RAMP0L   |    00000007  _RAMP0LH 
     00000007  _RAMP0UW  |    00000008  _RAMP0H   |    00000009  _RAMP1   
     00000009  _RAMP1L   |    00000009  _RAMP1LH  |    00000009  _RAMP1UW 
     0000000A  _RAMP1H   |    0000000B  _PTRCL    |    0000000C  _PTRCH   
     0000000D  _ROMP     |    0000000D  _ROMPL    |    0000000D  _ROMPLH  
     0000000D  _ROMPUW   |    0000000E  _ROMPH    |    0000000F  _BEEPC   
     00000010  _ULAWC    |    00000011  _STACKL   |    00000012  _STACKH  
     00000013  _ADCON    |    00000014  _DACON    |    00000014  l_DSEG   
     00000015  _SYSC     |    00000016  _SPIM     |    00000016  _SPIMH   
     00000017  _SPIH     |    00000018  _SPIOP    |    00000019  _SPI_BANK
     0000001A  _ADP_IND  |    0000001B  _ADP_VPL  |    0000001B  _ADP_VPLH
     0000001C  _ADP_VPH  |    0000001D  _ADL      |    0000001E  _ADH     
     0000001F  _ZC       |    00000020  _ADCG     |    00000021  _DAC_PL  
     00000022  _DAC_PH   |    00000023  _PAG      |    00000024  _DMAHL   
     00000024  _DMAL     |    00000025  _DMAH     |    00000026  _SPIL    
     00000027  _IOMASK   |    00000028  _IOCMP    |    00000029  _IOCNT   
     0000002B  _LVDCON   |    0000002C  _LVRCON   |    0000002D  _OFFSETL 
     0000002D  _OFFSETLH |    0000002E  _OFFSETH  |    0000002F  _RCCON   
     00000030  _BGCON    |    00000031  _CRYPT    |    00000031  _PWRHL   
     00000031  _PWRL     |    00000032  _PWRH     |    00000033  _IROMDL  
     00000033  _IROMDLH  |    00000034  _IROMDH   |    00000035  _RECMUTE 
     00000036  _FILTERG  |    00000037  _SPKC     |    00000038  _DCLAMP  
     00000039  _SSPIC    |    0000003A  _SSPIL    |    0000003B  _SSPIM   
     0000003C  _SSPIH    |    00000041  _ICE0     |    00000042  _ICE1    
     00000043  _ICE2     |    00000044  _ICE3     |    00000045  _ICE4    
     000000C0  _TOV      |    00000102  _RAMP0INC |    00000103  _RAMP1INC
     00000103  _RAMP1INC |    00000105  _ROMPINC  |    00000105  _ROMPINC2
     00000106  _ACC      |    00000204  l_SEGC    |    000003A0  l_STARTUP
     000003A0  s_CSEG    |    000005E5  l_CSEG    |    00000985  s_SEGC   
     00008000  s__CODE   |    00008000  s_shareba |    00008004  s_DSEG   
     00008018  s_ISEG    |    00008018  s_SSEG    |    00008018  s_XISEG  
     00008018  s_XSEG    |    00008019  s_ISEGR  
ASxxxx Linker V03.00 + NoICE + sdld,  page 2.
Hexadecimal  [32-Bits]

Area                       Addr        Size        Decimal Bytes (Attributes)
--------------------       ----        ----        ------- ----- ------------
sharebank              00008000    00000004 =           4. bytes (REL,OVR)

        Value  Global            Value  Global            Value  Global    
        -----  ------            -----  ------            -----  ------    
     00008000  _init_io_ |    00008001  STK02     |    00008002  STK01    
     00008003  STK00    
ASxxxx Linker V03.00 + NoICE + sdld,  page 3.
Hexadecimal  [32-Bits]

Area                       Addr        Size        Decimal Bytes (Attributes)
--------------------       ----        ----        ------- ----- ------------
DSEG                   00008004    00000014 =          20. bytes (REL,CON)

        Value  Global            Value  Global            Value  Global    
        -----  ------            -----  ------            -----  ------    
     00008004  _key_stat |    00008005  _sys_stat |    00008006  _last_str
     00008007  _key_code |    00008008  _key_time |    00008009  _beep_tim
     0000800A  _sleep_ti |    0000800B  _nov_coun |    0000800C  _countled
     0000800D  _api_ramp |    0000800E  _api_endp |    00008010  _api_ulaw
     00008011  _api_targ |    00008012  _api_spi_
ASxxxx Linker V03.00 + NoICE + sdld,  page 4.
Hexadecimal  [32-Bits]

Area                       Addr        Size        Decimal Bytes (Attributes)
--------------------       ----        ----        ------- ----- ------------
SSEG                   00008018    00000001 =           1. bytes (REL,OVR)

        Value  Global            Value  Global            Value  Global    
        -----  ------            -----  ------            -----  ------    
     00008018  __PARA_ST
ASxxxx Linker V03.00 + NoICE + sdld,  page 5.
Hexadecimal  [32-Bits]

Area                       Addr        Size        Decimal Bytes (Attributes)
--------------------       ----        ----        ------- ----- ------------
STARTUP_CSEG           00000000    000003A0 =         928. bytes (REL,CON,CODE,ROM)

        Value  Global            Value  Global            Value  Global    
        -----  ------            -----  ------            -----  ------    
     00000000  A$mutedem |    00000002  A$mutedem |    00000002  _main    
     00000004  A$mutedem |    00000006  A$mutedem |    00000008  A$mutedem
     0000000A  A$mutedem |    0000000C  A$mutedem |    0000000E  A$mutedem
     00000010  A$mutedem |    00000012  A$mutedem |    00000014  A$mutedem
     00000016  A$mutedem |    00000017  A$mutedem |    00000019  A$mutedem
     0000001B  A$mutedem |    0000001D  A$mutedem |    0000001F  A$mutedem
     00000021  A$mutedem |    00000023  A$mutedem |    00000025  A$mutedem
     00000027  A$mutedem |    00000029  A$mutedem |    0000002B  A$mutedem
     0000002D  A$mutedem |    0000002F  A$mutedem |    00000031  A$mutedem
     00000033  A$mutedem |    00000034  A$mutedem |    00000036  A$mutedem
     00000038  A$mutedem |    0000003A  A$mutedem |    0000003C  A$mutedem
     0000003D  A$mutedem |    0000003F  A$mutedem |    00000040  A$mutedem
     00000042  A$mutedem |    00000044  A$mutedem |    00000045  A$mutedem
     00000047  A$mutedem |    00000049  A$mutedem |    0000004A  A$mutedem
     0000004C  A$mutedem |    0000004E  A$mutedem |    00000050  A$mutedem
     00000052  A$mutedem |    00000054  A$mutedem |    00000056  A$mutedem
     00000058  A$mutedem |    0000005A  A$mutedem |    0000005C  A$mutedem
     0000005E  A$mutedem |    0000005F  A$mutedem |    00000061  A$mutedem
     00000063  A$mutedem |    00000065  A$mutedem |    00000066  A$mutedem
     00000068  A$mutedem |    0000006A  A$mutedem |    0000006C  A$mutedem
     0000006D  A$mutedem |    0000006F  A$mutedem |    00000071  A$mutedem
     00000073  A$mutedem |    00000075  A$mutedem |    00000076  A$mutedem
     00000078  A$mutedem |    00000079  A$mutedem |    0000007B  A$mutedem
     0000007D  A$mutedem |    0000007F  A$mutedem |    00000081  A$mutedem
     00000082  A$mutedem |    00000084  A$mutedem |    00000086  A$mutedem
     00000088  A$mutedem |    0000008A  A$mutedem |    0000008C  A$mutedem
     0000008D  A$mutedem |    0000008E  A$mutedem |    00000090  A$mutedem
     00000092  A$mutedem |    00000094  A$mutedem |    00000095  A$mutedem
     00000097  A$mutedem |    00000099  A$mutedem |    0000009B  A$mutedem
     0000009C  A$mutedem |    0000009E  A$mutedem |    000000A0  A$mutedem
     000000A2  A$mutedem |    000000A3  A$mutedem |    000000A5  A$mutedem
     000000A6  A$mutedem |    000000A8  A$mutedem |    000000AA  A$mutedem
     000000AC  A$mutedem |    000000AE  A$mutedem |    000000B0  A$mutedem
     000000B2  A$mutedem |    000000B4  A$mutedem |    000000B6  A$mutedem
     000000B8  A$mutedem |    000000BA  A$mutedem |    000000BC  A$mutedem
     000000BE  A$mutedem |    000000C0  A$mutedem |    000000C2  A$mutedem
     000000C4  A$mutedem |    000000C6  A$mutedem |    000000C8  A$mutedem
     000000CA  A$mutedem |    000000CC  A$mutedem |    000000CD  A$mutedem
     000000CE  A$mutedem |    000000CF  A$mutedem |    000000D0  A$mutedem
     000000D2  A$mutedem |    000000D4  A$mutedem |    000000D5  A$mutedem
     000000D6  A$mutedem |    000000D7  A$mutedem |    000000D9  A$mutedem
     000000DA  A$mutedem |    000000DC  A$mutedem |    000000DD  A$mutedem
     000000DF  A$mutedem |    000000E1  A$mutedem |    000000E3  A$mutedem
     000000E3  _sys_rec  |    000000E5  A$mutedem |    000000E6  A$mutedem
     000000E7  A$mutedem |    000000E8  A$mutedem |    000000EA  A$mutedem
     000000EB  A$mutedem |    000000ED  A$mutedem |    000000EF  A$mutedem
     000000F1  A$mutedem |    000000F3  A$mutedem |    000000F4  A$mutedem
     000000F6  A$mutedem |    000000F8  A$mutedem |    000000FA  A$mutedem
     000000FB  A$mutedem |    000000FD  A$mutedem |    000000FF  A$mutedem
     00000101  A$mutedem |    00000103  A$mutedem |    00000104  A$mutedem
ASxxxx Linker V03.00 + NoICE + sdld,  page 6.
Hexadecimal  [32-Bits]

Area                       Addr        Size        Decimal Bytes (Attributes)
--------------------       ----        ----        ------- ----- ------------
STARTUP_CSEG           00000000    000003A0 =         928. bytes (REL,CON,CODE,ROM)

        Value  Global            Value  Global            Value  Global    
        -----  ------            -----  ------            -----  ------    
     00000106  A$mutedem |    00000108  A$mutedem |    0000010A  A$mutedem
     0000010C  A$mutedem |    0000010D  A$mutedem |    0000010F  A$mutedem
     00000111  A$mutedem |    00000113  A$mutedem |    00000115  A$mutedem
     00000117  A$mutedem |    00000119  A$mutedem |    0000011A  A$mutedem
     0000011C  A$mutedem |    0000011E  A$mutedem |    00000120  A$mutedem
     00000122  A$mutedem |    00000123  A$mutedem |    00000125  A$mutedem
     00000127  A$mutedem |    00000129  A$mutedem |    0000012B  A$mutedem
     0000012D  A$mutedem |    0000012F  A$mutedem |    00000130  A$mutedem
     00000132  A$mutedem |    00000134  A$mutedem |    00000136  A$mutedem
     00000138  A$mutedem |    00000139  A$mutedem |    0000013A  A$mutedem
     0000013B  A$mutedem |    0000013C  A$mutedem |    0000013E  A$mutedem
     0000013F  A$mutedem |    00000140  A$mutedem |    00000142  A$mutedem
     00000143  A$mutedem |    00000143  _sys_play |    00000145  A$mutedem
     00000146  A$mutedem |    00000147  A$mutedem |    00000148  A$mutedem
     0000014A  A$mutedem |    0000014B  A$mutedem |    0000014D  A$mutedem
     0000014F  A$mutedem |    00000151  A$mutedem |    00000152  A$mutedem
     00000154  A$mutedem |    00000156  A$mutedem |    00000158  A$mutedem
     0000015A  A$mutedem |    0000015C  A$mutedem |    0000015E  A$mutedem
     00000160  A$mutedem |    00000162  A$mutedem |    00000164  A$mutedem
     00000166  A$mutedem |    00000168  A$mutedem |    0000016A  A$mutedem
     0000016C  A$mutedem |    0000016E  A$mutedem |    00000170  A$mutedem
     00000171  A$mutedem |    00000172  A$mutedem |    00000173  A$mutedem
     00000175  A$mutedem |    00000176  A$mutedem |    00000178  A$mutedem
     0000017A  A$mutedem |    0000017B  A$mutedem |    0000017C  A$mutedem
     0000017D  A$mutedem |    0000017E  A$mutedem |    00000180  A$mutedem
     00000181  A$mutedem |    00000182  A$mutedem |    00000184  A$mutedem
     00000185  A$mutedem |    00000185  _enter_id |    00000187  A$mutedem
     00000189  A$mutedem |    0000018B  A$mutedem |    0000018D  A$mutedem
     0000018F  A$mutedem |    00000190  A$mutedem |    00000192  A$mutedem
     00000194  A$mutedem |    00000195  A$mutedem |    00000197  A$mutedem
     00000199  A$mutedem |    0000019A  A$mutedem |    0000019C  A$mutedem
     0000019E  A$mutedem |    000001A0  A$mutedem |    000001A1  A$mutedem
     000001A3  A$mutedem |    000001A5  A$mutedem |    000001A6  A$mutedem
     000001A8  A$mutedem |    000001AA  A$mutedem |    000001AB  A$mutedem
     000001AD  A$mutedem |    000001AF  A$mutedem |    000001B0  A$mutedem
     000001B2  A$mutedem |    000001B4  A$mutedem |    000001B6  A$mutedem
     000001B7  A$mutedem |    000001B7  _enter_re |    000001B9  A$mutedem
     000001BA  A$mutedem |    000001BC  A$mutedem |    000001BE  A$mutedem
     000001BF  A$mutedem |    000001C1  A$mutedem |    000001C3  A$mutedem
     000001C5  A$mutedem |    000001C6  A$mutedem |    000001C8  A$mutedem
     000001CA  A$mutedem |    000001CB  A$mutedem |    000001CD  A$mutedem
     000001CE  A$mutedem |    000001D0  A$mutedem |    000001D1  A$mutedem
     000001D3  A$mutedem |    000001D5  A$mutedem |    000001D6  A$mutedem
     000001D8  A$mutedem |    000001DA  A$mutedem |    000001DB  A$mutedem
     000001DD  A$mutedem |    000001DE  A$mutedem |    000001DF  A$mutedem
     000001E1  A$mutedem |    000001E3  A$mutedem |    000001E4  A$mutedem
     000001E6  A$mutedem |    000001E7  A$mutedem |    000001E8  A$mutedem
     000001E9  A$mutedem |    000001EB  A$mutedem |    000001EC  A$mutedem
     000001EE  A$mutedem |    000001EF  A$mutedem |    000001F1  A$mutedem
     000001F2  A$mutedem |    000001F3  A$mutedem |    000001F5  A$mutedem
     000001F6  A$mutedem |    000001F8  A$mutedem |    000001F9  A$mutedem
ASxxxx Linker V03.00 + NoICE + sdld,  page 7.
Hexadecimal  [32-Bits]

Area                       Addr        Size        Decimal Bytes (Attributes)
--------------------       ----        ----        ------- ----- ------------
STARTUP_CSEG           00000000    000003A0 =         928. bytes (REL,CON,CODE,ROM)

        Value  Global            Value  Global            Value  Global    
        -----  ------            -----  ------            -----  ------    
     000001FB  A$mutedem |    000001FD  A$mutedem |    000001FE  A$mutedem
     000001FF  A$mutedem |    00000201  A$mutedem |    00000202  A$mutedem
     00000204  A$mutedem |    00000206  A$mutedem |    00000208  A$mutedem
     0000020A  A$mutedem |    0000020C  A$mutedem |    0000020E  A$mutedem
     00000210  A$mutedem |    00000212  A$mutedem |    00000213  A$mutedem
     00000213  _callback |    00000215  A$mutedem |    00000216  A$mutedem
     00000217  A$mutedem |    00000218  A$mutedem |    00000219  A$mutedem
     0000021B  A$mutedem |    0000021D  A$mutedem |    0000021E  A$mutedem
     00000220  A$mutedem |    00000222  A$mutedem |    00000223  A$mutedem
     00000224  A$mutedem |    00000225  A$mutedem |    00000225  _wait_bee
     00000227  A$mutedem |    00000228  A$mutedem |    00000229  A$mutedem
     0000022B  A$mutedem |    0000022D  A$mutedem |    0000022F  A$mutedem
     00000231  A$mutedem |    00000233  A$mutedem |    00000235  A$mutedem
     00000237  A$mutedem |    00000238  A$mutedem |    00000239  A$mutedem
     0000023A  A$mutedem |    0000023B  A$mutedem |    0000023D  A$mutedem
     0000023F  A$mutedem |    00000240  A$mutedem |    00000241  A$mutedem
     00000242  A$mutedem |    00000244  A$mutedem |    00000245  A$mutedem
     00000247  A$mutedem |    00000249  A$mutedem |    0000024A  A$mutedem
     0000024C  A$mutedem |    0000024D  A$mutedem |    0000024E  A$mutedem
     0000024E  _enter_pl |    00000250  A$mutedem |    00000251  A$mutedem
     00000252  A$mutedem |    00000253  A$mutedem |    00000254  A$mutedem
     00000255  A$mutedem |    00000257  A$mutedem |    00000258  A$mutedem
     0000025A  A$mutedem |    0000025B  A$mutedem |    0000025D  A$mutedem
     0000025E  A$mutedem |    00000260  A$mutedem |    00000262  A$mutedem
     00000264  A$mutedem |    00000266  A$mutedem |    00000268  A$mutedem
     00000269  A$mutedem |    0000026B  A$mutedem |    0000026D  A$mutedem
     0000026E  A$mutedem |    00000270  A$mutedem |    00000272  A$mutedem
     00000273  A$mutedem |    00000275  A$mutedem |    00000277  A$mutedem
     00000279  A$mutedem |    0000027B  A$mutedem |    0000027D  A$mutedem
     0000027E  A$mutedem |    0000027F  A$mutedem |    00000280  A$mutedem
     00000282  A$mutedem |    00000283  A$mutedem |    00000285  A$mutedem
     00000286  A$mutedem |    00000288  A$mutedem |    00000289  A$mutedem
     0000028A  A$mutedem |    0000028B  A$mutedem |    0000028D  A$mutedem
     0000028E  A$mutedem |    0000028F  A$mutedem |    00000290  A$mutedem
     00000292  A$mutedem |    00000293  A$mutedem |    00000295  A$mutedem
     00000297  A$mutedem |    00000298  A$mutedem |    00000299  A$mutedem
     0000029A  A$mutedem |    0000029C  A$mutedem |    0000029D  A$mutedem
     0000029F  A$mutedem |    000002A0  A$mutedem |    000002A2  A$mutedem
     000002A3  A$mutedem |    000002A5  A$mutedem |    000002A6  A$mutedem
     000002A8  A$mutedem |    000002A9  A$mutedem |    000002AA  A$mutedem
     000002AB  A$mutedem |    000002AD  A$mutedem |    000002AE  A$mutedem
     000002B0  A$mutedem |    000002B2  A$mutedem |    000002B3  A$mutedem
     000002B5  A$mutedem |    000002B6  A$mutedem |    000002B8  A$mutedem
     000002B9  A$mutedem |    000002BB  A$mutedem |    000002BC  A$mutedem
     000002BD  A$mutedem |    000002BE  A$mutedem |    000002C0  A$mutedem
     000002C1  A$mutedem |    000002C3  A$mutedem |    000002C4  A$mutedem
     000002C6  A$mutedem |    000002C7  A$mutedem |    000002C9  A$mutedem
     000002CA  A$mutedem |    000002CC  A$mutedem |    000002CD  A$mutedem
     000002CE  A$mutedem |    000002D0  A$mutedem |    000002D1  A$mutedem
     000002D3  A$mutedem |    000002D4  A$mutedem |    000002D6  A$mutedem
     000002D7  A$mutedem |    000002D8  A$mutedem |    000002D9  A$mutedem
ASxxxx Linker V03.00 + NoICE + sdld,  page 8.
Hexadecimal  [32-Bits]

Area                       Addr        Size        Decimal Bytes (Attributes)
--------------------       ----        ----        ------- ----- ------------
STARTUP_CSEG           00000000    000003A0 =         928. bytes (REL,CON,CODE,ROM)

        Value  Global            Value  Global            Value  Global    
        -----  ------            -----  ------            -----  ------    
     000002DB  A$mutedem |    000002DC  A$mutedem |    000002DE  A$mutedem
     000002DF  A$mutedem |    000002E1  A$mutedem |    000002E2  A$mutedem
     000002E4  A$mutedem |    000002E5  A$mutedem |    000002E6  A$mutedem
     000002E8  A$mutedem |    000002EA  A$mutedem |    000002EC  A$mutedem
     000002ED  A$mutedem |    000002EF  A$mutedem |    000002F0  A$mutedem
     000002F1  A$mutedem |    000002F3  A$mutedem |    000002F4  A$mutedem
     000002F6  A$mutedem |    000002F7  A$mutedem |    000002F7  _timer_ro
     000002F8  A$mutedem |    000002FA  A$mutedem |    000002FB  A$mutedem
     000002FD  A$mutedem |    000002FF  A$mutedem |    00000300  A$mutedem
     00000302  A$mutedem |    00000304  A$mutedem |    00000306  A$mutedem
     00000307  A$mutedem |    00000309  A$mutedem |    0000030B  A$mutedem
     0000030C  A$mutedem |    0000030C  _key_mach |    0000030E  A$mutedem
     0000030F  A$mutedem |    00000310  A$mutedem |    00000311  A$mutedem
     00000313  A$mutedem |    00000314  A$mutedem |    00000315  A$mutedem
     00000317  A$mutedem |    00000319  A$mutedem |    0000031B  A$mutedem
     0000031D  A$mutedem |    0000031F  A$mutedem |    00000320  A$mutedem
     00000322  A$mutedem |    00000324  A$mutedem |    00000325  A$mutedem
     00000327  A$mutedem |    00000329  A$mutedem |    0000032A  A$mutedem
     0000032C  A$mutedem |    0000032E  A$mutedem |    00000330  A$mutedem
     00000332  A$mutedem |    00000334  A$mutedem |    00000335  A$mutedem
     00000337  A$mutedem |    00000339  A$mutedem |    0000033B  A$mutedem
     0000033D  A$mutedem |    0000033F  A$mutedem |    00000341  A$mutedem
     00000343  A$mutedem |    00000345  A$mutedem |    00000346  A$mutedem
     00000348  A$mutedem |    0000034A  A$mutedem |    0000034C  A$mutedem
     0000034E  A$mutedem |    00000350  A$mutedem |    00000352  A$mutedem
     00000354  A$mutedem |    00000355  A$mutedem |    00000357  A$mutedem
     00000358  A$mutedem |    0000035A  A$mutedem |    0000035B  A$mutedem
     0000035C  A$mutedem |    0000035E  A$mutedem |    0000035F  A$mutedem
     0000035F  _init     |    00000361  A$mutedem |    00000363  A$mutedem
     00000365  A$mutedem |    00000367  A$mutedem |    00000368  A$mutedem
     0000036A  A$mutedem |    0000036C  A$mutedem |    0000036E  A$mutedem
     00000370  A$mutedem |    00000372  A$mutedem |    00000374  A$mutedem
     00000376  A$mutedem |    00000378  A$mutedem |    00000379  A$mutedem
     0000037B  A$mutedem |    0000037B  _get_key  |    0000037D  A$mutedem
     0000037F  A$mutedem |    00000381  A$mutedem |    00000383  A$mutedem
     00000384  A$mutedem |    00000386  A$mutedem |    00000388  A$mutedem
     0000038A  A$mutedem |    0000038C  A$mutedem |    0000038D  A$mutedem
     0000038F  A$mutedem |    00000390  A$mutedem |    00000392  A$mutedem
     00000394  A$mutedem |    00000395  A$mutedem |    00000397  A$mutedem
     00000399  A$mutedem |    0000039B  A$mutedem |    0000039D  A$mutedem
     0000039E  A$mutedem |    0000039F  A$mutedem
ASxxxx Linker V03.00 + NoICE + sdld,  page 9.
Hexadecimal  [32-Bits]

Area                       Addr        Size        Decimal Bytes (Attributes)
--------------------       ----        ----        ------- ----- ------------
CSEG                   000003A0    000005E5 =        1509. bytes (REL,CON,CODE,ROM)

        Value  Global            Value  Global            Value  Global    
        -----  ------            -----  ------            -----  ------    
     000003A0  A$ms311ap |    000003A0  _api_rec_ |    000003A2  A$ms311ap
     000003A3  A$ms311ap |    000003A4  A$ms311ap |    000003A5  A$ms311ap
     000003A7  A$ms311ap |    000003A9  A$ms311ap |    000003AB  A$ms311ap
     000003AD  A$ms311ap |    000003AF  A$ms311ap |    000003B1  A$ms311ap
     000003B3  A$ms311ap |    000003B5  A$ms311ap |    000003B7  A$ms311ap
     000003B9  A$ms311ap |    000003BB  A$ms311ap |    000003BD  A$ms311ap
     000003BF  A$ms311ap |    000003C1  A$ms311ap |    000003C3  A$ms311ap
     000003C5  A$ms311ap |    000003C7  A$ms311ap |    000003C9  A$ms311ap
     000003CB  A$ms311ap |    000003CD  A$ms311ap |    000003CF  A$ms311ap
     000003D1  A$ms311ap |    000003D3  A$ms311ap |    000003D5  A$ms311ap
     000003D6  A$ms311ap |    000003D8  A$ms311ap |    000003D9  A$ms311ap
     000003DA  A$ms311ap |    000003DA  _api_rec_ |    000003DC  A$ms311ap
     000003DD  A$ms311ap |    000003DE  A$ms311ap |    000003E0  A$ms311ap
     000003E2  A$ms311ap |    000003E4  A$ms311ap |    000003E6  A$ms311ap
     000003E7  A$ms311ap |    000003E9  A$ms311ap |    000003EA  A$ms311ap
     000003EC  A$ms311ap |    000003ED  A$ms311ap |    000003EF  A$ms311ap
     000003F1  A$ms311ap |    000003F3  A$ms311ap |    000003F4  A$ms311ap
     000003F6  A$ms311ap |    000003F8  A$ms311ap |    000003FA  A$ms311ap
     000003FC  A$ms311ap |    000003FE  A$ms311ap |    00000400  A$ms311ap
     00000402  A$ms311ap |    00000404  A$ms311ap |    00000406  A$ms311ap
     00000408  A$ms311ap |    0000040A  A$ms311ap |    0000040C  A$ms311ap
     0000040E  A$ms311ap |    00000410  A$ms311ap |    00000412  A$ms311ap
     00000414  A$ms311ap |    00000416  A$ms311ap |    00000417  A$ms311ap
     00000419  A$ms311ap |    0000041B  A$ms311ap |    0000041D  A$ms311ap
     0000041F  A$ms311ap |    00000421  A$ms311ap |    00000423  A$ms311ap
     00000424  A$ms311ap |    00000426  A$ms311ap |    00000428  A$ms311ap
     0000042A  A$ms311ap |    0000042C  A$ms311ap |    0000042E  A$ms311ap
     00000430  A$ms311ap |    00000432  A$ms311ap |    00000434  A$ms311ap
     00000436  A$ms311ap |    00000438  A$ms311ap |    0000043A  A$ms311ap
     0000043C  A$ms311ap |    0000043E  A$ms311ap |    00000440  A$ms311ap
     00000442  A$ms311ap |    00000444  A$ms311ap |    00000446  A$ms311ap
     00000448  A$ms311ap |    0000044A  A$ms311ap |    0000044C  A$ms311ap
     0000044D  A$ms311ap |    0000044F  A$ms311ap |    00000451  A$ms311ap
     00000453  A$ms311ap |    00000455  A$ms311ap |    00000457  A$ms311ap
     00000458  A$ms311ap |    00000458  _api_rec_ |    0000045A  A$ms311ap
     0000045B  A$ms311ap |    0000045C  A$ms311ap |    0000045E  A$ms311ap
     00000460  A$ms311ap |    00000462  A$ms311ap |    00000464  A$ms311ap
     00000466  A$ms311ap |    00000468  A$ms311ap |    0000046A  A$ms311ap
     0000046C  A$ms311ap |    0000046E  A$ms311ap |    00000470  A$ms311ap
     00000472  A$ms311ap |    00000474  A$ms311ap |    00000476  A$ms311ap
     00000478  A$ms311ap |    0000047A  A$ms311ap |    0000047C  A$ms311ap
     0000047D  A$ms311ap |    0000047F  A$ms311ap |    00000480  A$ms311ap
     00000481  A$ms311ap |    00000482  A$ms311ap |    00000483  A$clearfr
     00000483  _api_clea |    00000485  A$clearfr |    00000487  A$clearfr
     00000489  A$clearfr |    0000048B  A$clearfr |    0000048C  A$clearfr
     0000048D  A$clearfr |    0000048F  A$clearfr |    00000491  A$clearfr
     00000492  A$dc_canc |    00000492  _api_DC_c |    00000494  A$dc_canc
     00000495  A$dc_canc |    00000496  A$dc_canc |    00000498  A$dc_canc
     0000049A  A$dc_canc |    0000049C  A$dc_canc |    0000049E  A$dc_canc
     000004A0  A$dc_canc |    000004A2  A$dc_canc |    000004A4  A$dc_canc
ASxxxx Linker V03.00 + NoICE + sdld,  page 10.
Hexadecimal  [32-Bits]

Area                       Addr        Size        Decimal Bytes (Attributes)
--------------------       ----        ----        ------- ----- ------------
CSEG                   000003A0    000005E5 =        1509. bytes (REL,CON,CODE,ROM)

        Value  Global            Value  Global            Value  Global    
        -----  ------            -----  ------            -----  ------    
     000004A6  A$dc_canc |    000004A7  A$dc_canc |    000004A9  A$dc_canc
     000004AB  A$dc_canc |    000004AD  A$dc_canc |    000004AF  A$dc_canc
     000004B1  A$dc_canc |    000004B3  A$dc_canc |    000004B5  A$dc_canc
     000004B7  A$dc_canc |    000004B8  A$dc_canc |    000004B9  A$dc_canc
     000004BA  A$dc_canc |    000004BB  A$dc_canc |    000004BD  A$dc_canc
     000004BF  A$dc_canc |    000004C1  A$dc_canc |    000004C3  A$dc_canc
     000004C5  A$dc_canc |    000004C7  A$dc_canc |    000004C9  A$dc_canc
     000004CB  A$dc_canc |    000004CD  A$dc_canc |    000004CF  A$dc_canc
     000004D1  A$dc_canc |    000004D3  A$dc_canc |    000004D5  A$dc_canc
     000004D7  A$dc_canc |    000004D9  A$dc_canc |    000004DB  A$dc_canc
     000004DC  A$dc_canc |    000004DE  A$dc_canc |    000004E0  A$dc_canc
     000004E2  A$dc_canc |    000004E3  A$dc_canc |    000004E5  A$dc_canc
     000004E7  A$dc_canc |    000004E9  A$dc_canc |    000004EB  A$dc_canc
     000004EC  A$dc_canc |    000004ED  A$dc_canc |    000004EE  A$dc_canc
     000004F0  A$dc_canc |    000004F2  A$dc_canc |    000004F4  A$dc_canc
     000004F6  A$dc_canc |    000004F8  A$dc_canc |    000004FA  A$dc_canc
     000004FC  A$dc_canc |    000004FE  A$dc_canc |    000004FF  A$dc_canc
     00000501  A$dc_canc |    00000503  A$dc_canc |    00000505  A$dc_canc
     00000506  A$dc_canc |    00000507  A$dc_canc |    00000509  A$dc_canc
     0000050B  A$dc_canc |    0000050D  A$dc_canc |    0000050E  A$dc_canc
     00000510  A$dc_canc |    00000511  A$dc_canc |    00000513  A$dc_canc
     00000514  A$dc_canc |    00000516  A$dc_canc |    00000518  A$dc_canc
     0000051A  A$dc_canc |    0000051C  A$dc_canc |    0000051E  A$dc_canc
     00000520  A$dc_canc |    00000522  A$dc_canc |    00000524  A$dc_canc
     00000525  A$dc_canc |    00000527  A$dc_canc |    00000529  A$dc_canc
     0000052A  A$dc_canc |    0000052B  A$dc_canc |    0000052C  A$dc_canc
     0000052E  A$dc_canc |    0000052F  A$dc_canc |    00000531  A$dc_canc
     00000533  A$dc_canc |    00000535  A$dc_canc |    00000537  A$dc_canc
     00000539  A$dc_canc |    0000053B  A$dc_canc |    0000053D  A$dc_canc
     0000053F  A$dc_canc |    00000541  A$dc_canc |    00000543  A$dc_canc
     00000545  A$dc_canc |    00000547  A$dc_canc |    00000549  A$dc_canc
     0000054B  A$dc_canc |    0000054D  A$dc_canc |    0000054F  A$dc_canc
     00000551  A$dc_canc |    00000553  A$dc_canc |    00000555  A$dc_canc
     00000557  A$dc_canc |    00000559  A$dc_canc |    0000055B  A$dc_canc
     0000055D  A$dc_canc |    0000055F  A$dc_canc |    00000561  A$dc_canc
     00000562  A$dc_canc |    00000564  A$dc_canc |    00000565  A$dc_canc
     00000566  A$dc_canc |    00000567  A$dc_canc |    00000569  A$dc_canc
     0000056A  A$_ms311_ |    0000056A  __ms311_c |    0000056C  A$_ms311_
     0000056E  A$_ms311_ |    00000570  A$_ms311_ |    00000572  A$_ms311_
     00000573  A$_ms311_ |    00000575  A$_ms311_ |    00000577  A$_ms311_
     00000579  A$_ms311_ |    0000057B  A$_ms311_ |    0000057C  A$_ms311_
     0000057D  A$_ms311_ |    0000057E  A$_ms311_ |    0000057F  A$_ms311_
     00000580  A$_ms311_ |    00000581  A$_ms311_ |    00000582  A$_ms311_
     00000583  A$_ms311_ |    00000585  A$_ms311_ |    00000587  A$_ms311_
     00000589  A$_ms311_ |    0000058A  A$_ms311_ |    0000058C  A$_ms311_
     0000058E  A$_ms311_ |    00000590  A$_ms311_ |    00000592  A$_ms311_
     00000594  A$_ms311_ |    00000596  A$_ms311_ |    00000598  A$_ms311_
     0000059A  A$_ms311_ |    0000059C  A$_ms311_ |    0000059E  A$_ms311_
     000005A0  A$_ms311_ |    000005A2  A$_ms311_ |    000005A4  A$_ms311_
     000005A6  A$_ms311_ |    000005A7  A$_ms311_ |    000005A8  A$_ms311_
     000005AA  A$_ms311_ |    000005AB  A$_ms311_ |    000005AD  A$_ms311_
ASxxxx Linker V03.00 + NoICE + sdld,  page 11.
Hexadecimal  [32-Bits]

Area                       Addr        Size        Decimal Bytes (Attributes)
--------------------       ----        ----        ------- ----- ------------
CSEG                   000003A0    000005E5 =        1509. bytes (REL,CON,CODE,ROM)

        Value  Global            Value  Global            Value  Global    
        -----  ------            -----  ------            -----  ------    
     000005AF  A$_ms311_ |    000005B1  A$_ms311_ |    000005B3  A$_ms311_
     000005B5  A$_ms311_ |    000005B7  A$_ms311_ |    000005B9  A$_ms311_
     000005BB  A$_ms311_ |    000005BD  A$_ms311_ |    000005BF  A$api_pla
     000005BF  _api_play |    000005C1  A$api_pla |    000005C2  A$api_pla
     000005C3  A$api_pla |    000005C4  A$api_pla |    000005C6  A$api_pla
     000005C8  A$api_pla |    000005CA  A$api_pla |    000005CC  A$api_pla
     000005CE  A$api_pla |    000005D0  A$api_pla |    000005D2  A$api_pla
     000005D4  A$api_pla |    000005D6  A$api_pla |    000005D8  A$api_pla
     000005DA  A$api_pla |    000005DC  A$api_pla |    000005DE  A$api_pla
     000005E0  A$api_pla |    000005E2  A$api_pla |    000005E4  A$api_pla
     000005E6  A$api_pla |    000005E8  A$api_pla |    000005E9  A$api_pla
     000005EB  A$api_pla |    000005ED  A$api_pla |    000005EF  A$api_pla
     000005F0  A$api_pla |    000005F2  A$api_pla |    000005F4  A$api_pla
     000005F6  A$api_pla |    000005F8  A$api_pla |    000005FA  A$api_pla
     000005FC  A$api_pla |    000005FE  A$api_pla |    00000600  A$api_pla
     00000602  A$api_pla |    00000604  A$api_pla |    00000606  A$api_pla
     00000608  A$api_pla |    0000060A  A$api_pla |    0000060C  A$api_pla
     0000060E  A$api_pla |    00000610  A$api_pla |    00000612  A$api_pla
     00000614  A$api_pla |    00000615  A$api_pla |    00000617  A$api_pla
     00000619  A$api_pla |    0000061A  A$api_pla |    0000061B  A$api_pla
     0000061D  A$api_pla |    0000061F  A$api_pla |    00000621  A$api_pla
     00000623  A$api_pla |    00000625  A$api_pla |    00000626  A$api_pla
     00000628  A$api_pla |    0000062A  A$api_pla |    0000062C  A$api_pla
     0000062E  A$api_pla |    0000062F  A$api_pla |    00000631  A$api_pla
     00000633  A$api_pla |    00000635  A$api_pla |    00000637  A$api_pla
     00000639  A$api_pla |    0000063A  A$api_pla |    0000063B  A$api_pla
     0000063D  A$api_pla |    0000063F  A$api_pla |    00000641  A$api_pla
     00000643  A$api_pla |    00000645  A$api_pla |    00000646  A$api_pla
     00000648  A$api_pla |    0000064A  A$api_pla |    0000064B  A$api_pla
     0000064D  A$api_pla |    0000064F  A$api_pla |    00000651  A$api_pla
     00000653  A$api_pla |    00000655  A$api_pla |    00000656  A$api_pla
     00000658  A$api_pla |    0000065A  A$api_pla |    0000065C  A$api_pla
     0000065D  A$api_pla |    0000065F  A$api_pla |    00000660  A$api_pla
     00000661  A$api_pla |    00000663  A$api_pla |    00000665  A$api_pla
     00000667  A$api_pla |    00000669  A$api_pla |    0000066B  A$api_pla
     0000066D  A$api_pla |    0000066F  A$api_pla |    00000671  A$api_pla
     00000673  A$api_pla |    00000675  A$api_pla |    00000677  A$api_pla
     00000679  A$api_pla |    0000067B  A$api_pla |    0000067C  A$api_pla
     0000067E  A$api_pla |    00000680  A$api_pla |    00000682  A$api_pla
     00000684  A$api_pla |    00000686  A$api_pla |    00000688  A$api_pla
     0000068A  A$api_pla |    0000068C  A$api_pla |    0000068E  A$api_pla
     0000068F  A$api_pla |    00000690  A$api_pla |    00000692  A$api_pla
     00000694  A$api_pla |    00000695  A$api_pla |    00000695  _api_play
     00000696  A$api_pla |    00000698  A$api_pla |    00000699  A$rec_job
     00000699  _api_rec_ |    0000069B  A$rec_job |    0000069C  A$rec_job
     0000069D  A$rec_job |    0000069E  A$rec_job |    000006A0  A$rec_job
     000006A2  A$rec_job |    000006A4  A$rec_job |    000006A6  A$rec_job
     000006A8  A$rec_job |    000006AA  A$rec_job |    000006AB  A$rec_job
     000006AD  A$rec_job |    000006AE  A$rec_job |    000006AF  A$rec_job
     000006B1  A$rec_job |    000006B3  A$rec_job |    000006B5  A$rec_job
     000006B7  A$rec_job |    000006B9  A$rec_job |    000006BA  A$rec_job
ASxxxx Linker V03.00 + NoICE + sdld,  page 12.
Hexadecimal  [32-Bits]

Area                       Addr        Size        Decimal Bytes (Attributes)
--------------------       ----        ----        ------- ----- ------------
CSEG                   000003A0    000005E5 =        1509. bytes (REL,CON,CODE,ROM)

        Value  Global            Value  Global            Value  Global    
        -----  ------            -----  ------            -----  ------    
     000006BC  A$rec_job |    000006BE  A$rec_job |    000006C0  A$rec_job
     000006C2  A$rec_job |    000006C4  A$rec_job |    000006C6  A$rec_job
     000006C8  A$rec_job |    000006CA  A$rec_job |    000006CC  A$rec_job
     000006CD  A$rec_job |    000006CF  A$rec_job |    000006D1  A$rec_job
     000006D3  A$rec_job |    000006D5  A$rec_job |    000006D7  A$rec_job
     000006D8  A$rec_job |    000006D9  A$rec_job |    000006DA  A$rec_job
     000006DB  A$rec_job |    000006DD  A$rec_job |    000006DF  A$rec_job
     000006E1  A$rec_job |    000006E3  A$rec_job |    000006E5  A$rec_job
     000006E7  A$rec_job |    000006E9  A$rec_job |    000006EB  A$rec_job
     000006ED  A$rec_job |    000006EF  A$rec_job |    000006F1  A$rec_job
     000006F3  A$rec_job |    000006F5  A$rec_job |    000006F7  A$rec_job
     000006F9  A$rec_job |    000006FB  A$rec_job |    000006FD  A$rec_job
     000006FE  A$rec_job |    000006FF  A$rec_job |    00000701  A$rec_job
     00000703  A$rec_job |    00000704  A$api_tim |    00000704  _api_time
     00000705  A$api_tim |    00000707  A$api_tim |    00000708  A$api_tim
     00000709  A$api_tim |    00000709  _api_time |    0000070B  A$api_tim
     0000070C  A$api_tim |    0000070D  A$api_tim |    0000070F  A$api_tim
     00000711  A$api_tim |    00000713  A$api_tim |    00000715  A$api_tim
     00000716  A$api_tim |    00000718  A$api_tim |    00000719  A$api_tim
     0000071A  A$api_std |    0000071A  _api_ente |    0000071C  A$api_std
     0000071D  A$api_std |    0000071E  A$api_std |    00000720  A$api_std
     00000722  A$api_std |    00000724  A$api_std |    00000726  A$api_std
     00000728  A$api_std |    0000072A  A$api_std |    0000072C  A$api_std
     0000072E  A$api_std |    00000730  A$api_std |    00000732  A$api_std
     00000734  A$api_std |    00000736  A$api_std |    00000738  A$api_std
     0000073A  A$api_std |    0000073B  A$api_std |    0000073D  A$api_std
     0000073E  A$api_std |    0000073F  A$api_std |    00000740  A$api_std
     00000741  A$api_std |    00000743  A$api_std |    00000745  A$api_std
     00000746  A$ms311ap |    00000746  _api_beep |    00000747  A$ms311ap
     00000749  A$ms311ap |    0000074B  A$ms311ap |    0000074C  A$ms311ap
     0000074C  _api_beep |    0000074E  A$ms311ap |    0000074F  A$ms311ap
     00000750  A$ms311ap |    00000752  A$ms311ap |    00000754  A$ms311ap
     00000756  A$ms311ap |    00000758  A$ms311ap |    0000075A  A$ms311ap
     0000075C  A$ms311ap |    0000075E  A$ms311ap |    00000760  A$ms311ap
     00000762  A$ms311ap |    00000764  A$ms311ap |    00000766  A$ms311ap
     00000768  A$ms311ap |    00000769  A$ms311ap |    0000076B  A$ms311ap
     0000076C  A$ms311ap |    0000076D  A$_sp_dec |    0000076D  __sp_dec 
     0000076F  A$_sp_dec |    00000771  A$_sp_dec |    00000773  A$_sp_dec
     00000775  A$_sp_dec |    00000777  A$_sp_dec |    00000779  A$_sp_dec
     0000077A  A$api_set |    0000077A  _api_set_ |    0000077C  A$api_set
     0000077D  A$api_set |    0000077E  A$api_set |    00000780  A$api_set
     00000782  A$api_set |    00000784  A$api_set |    00000786  A$api_set
     00000788  A$api_set |    0000078A  A$api_set |    0000078C  A$api_set
     0000078D  A$api_set |    0000078F  A$api_set |    00000790  A$api_set
     00000791  A$api_set |    00000792  A$api_dsl |    00000792  _api_ente
     00000793  A$api_dsl |    00000795  A$api_dsl |    00000797  A$api_dsl
     00000799  A$api_dsl |    0000079B  A$api_dsl |    0000079C  A$api_dsl
     0000079E  A$api_dsl |    000007A0  A$api_dsl |    000007A2  A$api_dsl
     000007A3  A$api_dsl |    000007A5  A$api_dsl |    000007A7  A$api_dsl
     000007A9  A$api_dsl |    000007AA  A$api_b12 |    000007AA  _api_b12_
     000007AC  A$api_b12 |    000007AD  A$api_b12 |    000007AE  A$api_b12
ASxxxx Linker V03.00 + NoICE + sdld,  page 13.
Hexadecimal  [32-Bits]

Area                       Addr        Size        Decimal Bytes (Attributes)
--------------------       ----        ----        ------- ----- ------------
CSEG                   000003A0    000005E5 =        1509. bytes (REL,CON,CODE,ROM)

        Value  Global            Value  Global            Value  Global    
        -----  ------            -----  ------            -----  ------    
     000007B0  A$api_b12 |    000007B2  A$api_b12 |    000007B3  A$api_b12
     000007B5  A$api_b12 |    000007B7  A$api_b12 |    000007B9  A$api_b12
     000007BB  A$api_b12 |    000007BD  A$api_b12 |    000007BE  A$api_b12
     000007C0  A$api_b12 |    000007C2  A$api_b12 |    000007C4  A$api_b12
     000007C6  A$api_b12 |    000007C8  A$api_b12 |    000007CA  A$api_b12
     000007CB  A$api_b12 |    000007CD  A$api_b12 |    000007CE  A$api_b12
     000007D0  A$api_b12 |    000007D1  A$api_b12 |    000007D3  A$api_b12
     000007D5  A$api_b12 |    000007D6  A$api_b12 |    000007D8  A$api_b12
     000007D9  A$api_b12 |    000007DB  A$api_b12 |    000007DD  A$api_b12
     000007DE  A$api_b12 |    000007E0  A$api_b12 |    000007E1  A$api_b12
     000007E2  A$api_b12 |    000007E4  A$api_b12 |    000007E6  A$api_b12
     000007E8  A$api_b12 |    000007EA  A$api_b12 |    000007EC  A$api_b12
     000007EE  A$api_b12 |    000007F0  A$api_b12 |    000007F2  A$api_b12
     000007F4  A$api_b12 |    000007F6  A$api_b12 |    000007F8  A$api_b12
     000007FA  A$api_b12 |    000007FC  A$api_b12 |    000007FE  A$api_b12
     000007FF  A$api_b12 |    00000801  A$api_b12 |    00000803  A$api_b12
     00000805  A$api_b12 |    00000807  A$api_b12 |    00000809  A$api_b12
     0000080B  A$api_b12 |    0000080D  A$api_b12 |    0000080F  A$api_b12
     00000811  A$api_b12 |    00000812  A$api_b12 |    00000814  A$api_b12
     00000816  A$api_b12 |    00000818  A$api_b12 |    0000081A  A$api_b12
     0000081C  A$api_b12 |    0000081E  A$api_b12 |    00000820  A$api_b12
     00000822  A$api_b12 |    00000824  A$api_b12 |    00000825  A$api_b12
     00000827  A$api_b12 |    00000829  A$api_b12 |    0000082B  A$api_b12
     0000082D  A$api_b12 |    0000082F  A$api_b12 |    00000831  A$api_b12
     00000833  A$api_b12 |    00000834  A$_sp_inc |    00000834  __sp_inc 
     00000836  A$_sp_inc |    00000838  A$_sp_inc |    0000083A  A$_sp_inc
     0000083B  A$_sp_inc |    0000083D  A$_sp_inc |    0000083F  A$_sp_inc
     00000840  A$ms311ap |    00000840  _api_play |    00000842  A$ms311ap
     00000843  A$ms311ap |    00000844  A$ms311ap |    00000845  A$ms311ap
     00000847  A$ms311ap |    00000849  A$ms311ap |    0000084B  A$ms311ap
     0000084D  A$ms311ap |    0000084F  A$ms311ap |    00000851  A$ms311ap
     00000853  A$ms311ap |    00000854  A$ms311ap |    00000856  A$ms311ap
     00000858  A$ms311ap |    0000085A  A$ms311ap |    0000085C  A$ms311ap
     0000085E  A$ms311ap |    00000860  A$ms311ap |    00000862  A$ms311ap
     00000864  A$ms311ap |    00000866  A$ms311ap |    00000868  A$ms311ap
     0000086A  A$ms311ap |    0000086C  A$ms311ap |    0000086E  A$ms311ap
     00000870  A$ms311ap |    00000872  A$ms311ap |    00000874  A$ms311ap
     00000876  A$ms311ap |    00000878  A$ms311ap |    0000087A  A$ms311ap
     0000087C  A$ms311ap |    0000087E  A$ms311ap |    00000880  A$ms311ap
     00000881  A$ms311ap |    00000883  A$ms311ap |    00000885  A$ms311ap
     00000887  A$ms311ap |    00000889  A$ms311ap |    0000088B  A$ms311ap
     0000088D  A$ms311ap |    0000088F  A$ms311ap |    00000891  A$ms311ap
     00000893  A$ms311ap |    00000894  A$ms311ap |    00000896  A$ms311ap
     00000898  A$ms311ap |    00000899  A$ms311ap |    0000089A  A$ms311ap
     0000089C  A$ms311ap |    0000089E  A$ms311ap |    000008A0  A$ms311ap
     000008A1  A$ms311ap |    000008A3  A$ms311ap |    000008A5  A$ms311ap
     000008A7  A$ms311ap |    000008A9  A$ms311ap |    000008AB  A$ms311ap
     000008AD  A$ms311ap |    000008AF  A$ms311ap |    000008B0  A$ms311ap
     000008B2  A$ms311ap |    000008B4  A$ms311ap |    000008B5  A$ms311ap
     000008B7  A$ms311ap |    000008B8  A$ms311ap |    000008BA  A$ms311ap
     000008BC  A$ms311ap |    000008BE  A$ms311ap |    000008BF  A$ms311ap
ASxxxx Linker V03.00 + NoICE + sdld,  page 14.
Hexadecimal  [32-Bits]

Area                       Addr        Size        Decimal Bytes (Attributes)
--------------------       ----        ----        ------- ----- ------------
CSEG                   000003A0    000005E5 =        1509. bytes (REL,CON,CODE,ROM)

        Value  Global            Value  Global            Value  Global    
        -----  ------            -----  ------            -----  ------    
     000008C1  A$ms311ap |    000008C3  A$ms311ap |    000008C4  A$ms311ap
     000008C6  A$ms311ap |    000008C8  A$ms311ap |    000008CA  A$ms311ap
     000008CC  A$ms311ap |    000008CE  A$ms311ap |    000008CF  A$ms311ap
     000008D1  A$ms311ap |    000008D3  A$ms311ap |    000008D5  A$ms311ap
     000008D7  A$ms311ap |    000008D9  A$ms311ap |    000008DB  A$ms311ap
     000008DD  A$ms311ap |    000008DF  A$ms311ap |    000008E1  A$ms311ap
     000008E3  A$ms311ap |    000008E5  A$ms311ap |    000008E7  A$ms311ap
     000008E9  A$ms311ap |    000008EB  A$ms311ap |    000008ED  A$ms311ap
     000008EF  A$ms311ap |    000008F0  A$ms311ap |    000008F2  A$ms311ap
     000008F4  A$ms311ap |    000008F6  A$ms311ap |    000008F8  A$ms311ap
     000008FA  A$ms311ap |    000008FC  A$ms311ap |    000008FE  A$ms311ap
     00000900  A$ms311ap |    00000902  A$ms311ap |    00000904  A$ms311ap
     00000906  A$ms311ap |    00000908  A$ms311ap |    0000090A  A$ms311ap
     0000090C  A$ms311ap |    0000090E  A$ms311ap |    00000910  A$ms311ap
     00000911  A$ms311ap |    00000912  A$ms311ap |    00000914  A$ms311ap
     00000916  A$ms311ap |    00000918  A$ms311ap |    0000091A  A$ms311ap
     0000091C  A$ms311ap |    0000091D  A$api_u2l |    0000091D  _api_u2l_
     0000091F  A$api_u2l |    00000920  A$api_u2l |    00000921  A$api_u2l
     00000922  A$api_u2l |    00000923  A$api_u2l |    00000924  A$api_u2l
     00000925  A$api_u2l |    00000927  A$api_u2l |    00000929  A$api_u2l
     0000092B  A$api_u2l |    0000092D  A$api_u2l |    0000092F  A$api_u2l
     00000931  A$api_u2l |    00000933  A$api_u2l |    00000935  A$api_u2l
     00000936  A$api_u2l |    00000938  A$api_u2l |    0000093A  A$api_u2l
     0000093C  A$api_u2l |    0000093D  A$api_u2l |    0000093E  A$api_u2l
     00000940  A$api_u2l |    00000941  A$api_u2l |    00000943  A$api_u2l
     00000945  A$api_u2l |    00000946  A$api_u2l |    00000948  A$api_u2l
     0000094A  A$api_u2l |    0000094C  A$api_u2l |    0000094E  A$api_u2l
     00000950  A$api_u2l |    00000952  A$api_u2l |    00000953  A$api_u2l
     00000955  A$api_u2l |    00000957  A$api_u2l |    00000958  A$api_u2l
     00000959  A$api_u2l |    0000095B  A$api_u2l |    0000095D  A$api_u2l
     0000095E  A$api_u2l |    00000960  A$api_u2l |    00000961  A$api_u2l
     00000963  A$api_u2l |    00000965  A$api_u2l |    00000966  A$api_u2l
     00000967  A$api_u2l |    00000969  A$api_u2l |    0000096B  A$api_u2l
     0000096D  A$api_u2l |    0000096E  A$api_u2l |    00000970  A$api_u2l
     00000972  A$api_u2l |    00000974  A$api_u2l |    00000976  A$api_u2l
     00000978  A$api_u2l |    0000097A  A$api_u2l |    0000097C  A$api_u2l
     0000097D  A$api_u2l |    0000097E  A$api_u2l |    0000097F  A$api_u2l
     00000980  A$api_u2l |    00000981  A$api_u2l |    00000983  A$api_u2l
     00000984  A$api_u2l
ASxxxx Linker V03.00 + NoICE + sdld,  page 15.
Hexadecimal  [32-Bits]

Area                       Addr        Size        Decimal Bytes (Attributes)
--------------------       ----        ----        ------- ----- ------------
SEGC                   00000985    00000204 =         516. bytes (REL,CON,CODE,ROM)

        Value  Global            Value  Global            Value  Global    
        -----  ------            -----  ------            -----  ------    
     00000985  _ms311_ne |    00000989  _u2l_low  |    00000A89  _u2l_high
ASxxxx Linker V03.00 + NoICE + sdld,  page 16.

Files Linked                              [ module(s) ]

mutedemo                                  [ mutedemo ]


Libraries Linked                          [ object file ]

x:\share\sdcc\lib\MS322\ms311sdcc.lib     [ ms311sfr ]
x:\share\sdcc\lib\MS322\ms311sph.lib      [ ms311apirec ]
x:\share\sdcc\lib\MS322\ms311sph.lib      [ clearfram ]
x:\share\sdcc\lib\MS322\ms311sph.lib      [ dc_cancel ]
x:\share\sdcc\lib\MS322\ms311sdcc.lib     [ _ms311_cstartup ]
x:\share\sdcc\lib\MS322\ms311sph.lib      [ api_play_job ]
x:\share\sdcc\lib\MS322\ms311sph.lib      [ apivar ]
x:\share\sdcc\lib\MS322\ms311sph.lib      [ rec_job1 ]
x:\share\sdcc\lib\MS322\ms311sph.lib      [ api_timer ]
x:\share\sdcc\lib\MS322\ms311sph.lib      [ api_stdbymode ]
x:\share\sdcc\lib\MS322\ms311sph.lib      [ ms311apibeep ]
x:\share\sdcc\lib\MS322\ms311sph.lib      [ u2ltab ]
x:\share\sdcc\lib\MS322\ms311sdcc.lib     [ _sp_dec ]
x:\share\sdcc\lib\MS322\ms311sph.lib      [ api_set_vol ]
x:\share\sdcc\lib\MS322\ms311sph.lib      [ api_dsleepmode ]
x:\share\sdcc\lib\MS322\ms311sph.lib      [ api_b12_page ]
x:\share\sdcc\lib\MS322\ms311sdcc.lib     [ _sp_inc ]
x:\share\sdcc\lib\MS322\ms311sph.lib      [ ms311apipla ]
x:\share\sdcc\lib\MS322\ms311sph.lib      [ api_u2l_page ]


